I'm sorry, but errors were detected in your script. Please correct the
errors listed below, and try again.


File "game/script.rpy", line 46: menu statement expects a non-empty block.
    menu:
        ^

File "game/script.rpy", line 50: expected statement.
    "Go with Eileen to her game jam!":
                                     ^

File "game/script.rpy", line 54: expected statement.
    "Admit that you're super sleep deprived.":
                                             ^

Ren'Py Version: Ren'Py 7.1.1.929
Sun Nov 11 01:31:59 2018
